 hello

 Timestamp is 67a21a61 (Tue Feb  4 15:47:13 2025)

 Preferred load address is 0000000140000000

 Start         Length     Name                   Class
 0001:00000000 00000464H .text$mn                CODE
 0001:00000464 00000494H .text$mn$cpp            CODE
 0001:000008f8 00000028H .text$mn$cpp$r          CODE
 0001:00000920 00000090H .text$mn$cpp$s          CODE
 0001:000009b0 00000008H .text$nm                CODE
 0001:000009b8 00000112H .text$zz                CODE
 0002:00000000 00000000H .idata$5                DATA
 0002:00000000 000000b4H .rdata                  DATA
 0002:000000b4 0000006cH .rdata$zzzdbg           DATA
 0002:00000120 00000068H .xdata                  DATA
 0002:00000188 00000000H .edata                  DATA
 0002:00000188 00000000H .idata$2                DATA
 0002:00000188 00000000H .idata$3                DATA
 0002:00000188 00000000H .idata$4                DATA
 0002:00000188 00000000H .idata$6                DATA
 0003:00000000 00000000H .data                   DATA
 0003:00000000 00000008H .bss                    DATA
 0004:00000000 00000054H .pdata                  DATA

  Address         Publics by Value              Rva+Base               Lib:Object

 0000:00000000       __AbsoluteZero             0000000000000000     <absolute>
 0000:00000000       __arm64x_extra_rfe_table   0000000000000000     <absolute>
 0000:00000000       __arm64x_extra_rfe_table_size 0000000000000000     <absolute>
 0000:00000000       __arm64x_native_entrypoint 0000000000000000     <absolute>
 0000:00000000       __arm64x_redirection_metadata 0000000000000000     <absolute>
 0000:00000000       __arm64x_redirection_metadata_count 0000000000000000     <absolute>
 0000:00000000       __dynamic_value_reloc_table 0000000000000000     <absolute>
 0000:00000000       __enclave_config           0000000000000000     <absolute>
 0000:00000000       __guard_check_icall_a64n_fptr 0000000000000000     <absolute>
 0000:00000000       __guard_eh_cont_count      0000000000000000     <absolute>
 0000:00000000       __guard_eh_cont_table      0000000000000000     <absolute>
 0000:00000000       __guard_fids_count         0000000000000000     <absolute>
 0000:00000000       __guard_fids_table         0000000000000000     <absolute>
 0000:00000000       __guard_flags              0000000000000000     <absolute>
 0000:00000000       __guard_iat_count          0000000000000000     <absolute>
 0000:00000000       __guard_iat_table          0000000000000000     <absolute>
 0000:00000000       __guard_longjmp_count      0000000000000000     <absolute>
 0000:00000000       __guard_longjmp_table      0000000000000000     <absolute>
 0000:00000000       __hybrid_auxiliary_delayload_iat 0000000000000000     <absolute>
 0000:00000000       __hybrid_auxiliary_delayload_iat_copy 0000000000000000     <absolute>
 0000:00000000       __hybrid_auxiliary_iat     0000000000000000     <absolute>
 0000:00000000       __hybrid_auxiliary_iat_copy 0000000000000000     <absolute>
 0000:00000000       __hybrid_code_map          0000000000000000     <absolute>
 0000:00000000       __hybrid_code_map_count    0000000000000000     <absolute>
 0000:00000000       __hybrid_image_info_bitfield 0000000000000000     <absolute>
 0000:00000000       __volatile_metadata        0000000000000000     <absolute>
 0000:00000000       __x64_code_ranges_to_entry_points 0000000000000000     <absolute>
 0000:00000000       __x64_code_ranges_to_entry_points_count 0000000000000000     <absolute>
 0000:00000000       __ImageBase                0000000140000000     <linker-defined>
 0001:00000000       ?epASM@@YAXXZ              0000000140001000 f   x64.obj
 0001:00000005       __chkstk                   0000000140001005 f   x64.obj
 0001:000000a5       DnsMapRcodeToStatus        00000001400010a5 f   x64.obj
 0001:000000d4       DnsStatusString            00000001400010d4 f   x64.obj
 0001:00000126       GetTickCount64             0000000140001126 f   x64.obj
 0001:0000014f       FormatMessageW             000000014000114f f   x64.obj
 0001:00000177       ExitProcess                0000000140001177 f   x64.obj
 0001:000001ca       ?GetMartaExtensionInterface@@YAPEAU_ACC_MARTA_FUNCTIONS@@XZ 00000001400011ca f   x64.obj
 0001:00000230       MessageBoxW                0000000140001230 f   x64.obj
 0001:00000286       _vsnwprintf                0000000140001286 f   x64.obj
 0001:000002ac       DbgPrint                   00000001400012ac f   x64.obj
 0001:000002d1       RtlDispatchAPC             00000001400012d1 f   x64.obj
 0001:000002f3       LdrGetProcedureAddress     00000001400012f3 f   x64.obj
 0001:00000327       LdrLoadDll                 0000000140001327 f   x64.obj
 0001:0000034b       RtlInitUnicodeString       000000014000134b f   x64.obj
 0001:00000392       CoCreateInstance           0000000140001392 f   x64.obj
 0001:000003c1       CoInitializeEx             00000001400013c1 f   x64.obj
 0001:000003ef       CoTaskMemFree              00000001400013ef f   x64.obj
 0001:00000416       CoUninitialize             0000000140001416 f   x64.obj
 0001:00000464       ?MsgBox@@YAHIPEB_W0ZZ      0000000140001464 f   ep.obj
 0001:000004f4       ?ApcTest@@YAX_K@Z          00000001400014f4 f   ep.obj
 0001:0000055c       ?ComTest@@YAXXZ            000000014000155c f   ep.obj
 0001:000006cc       ?ep@@YAXXZ                 00000001400016cc f   ep.obj
 0001:0000071c       ?get_hmod@@YAPEAXPEB_W@Z   000000014000171c f   ScEntry:GetFuncAddr.obj
 0001:00000778       ?GetFuncAddressEx@@YAPEAXPEAU_IMAGE_DOS_HEADER@@PEBD@Z 0000000140001778 f   ScEntry:GetFuncAddr.obj
 0001:000008f8       _GUID_dc1c5a9c_e88a_4dde_a5a1_60f82a20aef7 00000001400018f8     ep.obj
 0001:00000908       _GUID_d57c7288_d4ad_4768_be02_9d969532d960 0000000140001908     ep.obj
 0001:00000920       ??_C@_0O@HELLMLPH@ApcTest?$CI?$CFp?$CJ?$AN?6@FNODOBFM@ 0000000140001920     ep.obj
 0001:00000930       ??_C@_1CK@KGAEBBDD@?$AA?$CF?$AAu?$AA?3?$AA?5?$AA?$CF?$AAh?$AAs?$AA?$AN?$AA?6?$AAe?$AAn?$AAt?$AAr?$AAy?$AA?5@FNODOBFM@ 0000000140001930     ep.obj
 0001:00000960       ??_C@_1M@BOLMKKCK@?$AAH?$AAe?$AAl?$AAl?$AAo@FNODOBFM@ 0000000140001960     ep.obj
 0001:00000970       ??_C@_17NCBHHMJ@?$AAC?$AAo?$AAm@FNODOBFM@ 0000000140001970     ep.obj
 0001:00000980       ??_C@_1BI@NOFJEJPO@?$AAt?$AAa?$AAb?$AAl?$AAe?$AA?5?$AAa?$AAt?$AA?5?$AA?$CF?$AAp@FNODOBFM@ 0000000140001980     ep.obj
 0001:000009a0       ??_C@_1O@FMNBPPK@?$AAM?$AAa?$AAr?$AAt?$AAa?$AA?$CL@FNODOBFM@ 00000001400019a0     ep.obj
 0001:000009b0       ?sc_end@@YAPEAXXZ          00000001400019b0 f   ScEntry:prepare.obj
 0001:000009b8       ?ScEntry@@YAXPEAU_PEB@@@Z  00000001400019b8 f   ScEntry:prepare.obj
 0002:00000000       ??_C@_0BF@EKFKPNAI@RtlInitUnicodeString@ 0000000140002000     ScEntry:prepare.obj
 0002:00000018       ??_C@_1BI@NEOFKCPM@?$AAp?$AAr?$AAe?$AAp?$AAa?$AAr?$AAe?$AA?4?$AAd?$AAl?$AAl@ 0000000140002018     ScEntry:prepare.obj
 0002:00000030       ??_C@_0L@HOFGLFDL@LdrLoadDll@ 0000000140002030     ScEntry:prepare.obj
 0002:00000040       ??_C@_0BH@GKPJJDBO@LdrGetProcedureAddress@ 0000000140002040     ScEntry:prepare.obj
 0002:00000058       ??_C@_0N@FIGJGHFN@LdrUnloadDll@ 0000000140002058     ScEntry:prepare.obj
 0002:00000068       ??_C@_0BD@JDDPIELM@RtlExitUserProcess@ 0000000140002068     ScEntry:prepare.obj
 0003:00000000       __@@_PchSym_@00@UfhvihUsziibUwlxfnvmghUtrgsfyUhxPwvnlUgnkUcGEUivovzhvUsvoolUhgwzucOlyq@4B2008FD98C1DD4 0000000140003000     stdafx.obj
 0003:00000004       __@@_PchSym_@00@UfhvihUsziibUwlxfnvmghUtrgsfyUhxPwvnlUgnkUcGEUivovzhvUhxvmgibUhgwzucOlyq@4B2008FD98C1DD4 0000000140003004     ScEntry:stdafx.obj

 entry point at        0001:000009b8

 Static symbols

 0000:ffffb000       .debug$S                   0000000140000000     ntdllp:ntdll.dll
 0000:ffffb000       .debug$S                   0000000140000000     ntdllp:ntdll.dll
 0002:ffffe000       .idata$6                   0000000140000000     ntdllp:ntdll.dll
 0001:00000052       common_imp_call            0000000140001052 f   x64.obj
 0001:00000100       dnsapi                     0000000140001100 f   x64.obj
 0001:0000019c       kernel32                   000000014000119c f   x64.obj
 0001:00000203       ntmarta                    0000000140001203 f   x64.obj
 0001:0000025c       user32                     000000014000125c f   x64.obj
 0001:0000037d       ntdllp                     000000014000137d f   x64.obj
 0001:0000043f       ole32                      000000014000143f f   x64.obj
 0002:00000120       $unwind$?MsgBox@@YAHIPEB_W0ZZ 0000000140002120     ep.obj
 0002:00000134       $unwind$?ApcTest@@YAX_K@Z  0000000140002134     ep.obj
 0002:00000140       $unwind$?ComTest@@YAXXZ    0000000140002140     ep.obj
 0002:00000150       $unwind$?ep@@YAXXZ         0000000140002150     ep.obj
 0002:00000158       $unwind$?ScEntry@@YAXPEAU_PEB@@@Z 0000000140002158     ScEntry:prepare.obj
 0002:00000168       $unwind$?get_hmod@@YAPEAXPEB_W@Z 0000000140002168     ScEntry:GetFuncAddr.obj
 0002:00000170       $unwind$?GetFuncAddressEx@@YAPEAXPEAU_IMAGE_DOS_HEADER@@PEBD@Z 0000000140002170     ScEntry:GetFuncAddr.obj
