 hello

 Timestamp is 67a2beb8 (Wed Feb  5 03:28:24 2025)

 Preferred load address is 00400000

 Start         Length     Name                   Class
 0001:00000000 0000039cH .text$mn                CODE
 0001:0000039c 00000428H .text$mn$cpp            CODE
 0001:000007c4 0000002cH .text$mn$cpp$r          CODE
 0001:000007f0 0000008eH .text$mn$cpp$s          CODE
 0001:0000087e 00000006H .text$nm                CODE
 0001:00000884 000000eeH .text$zz                CODE
 0002:00000000 00000000H .idata$5                DATA
 0002:00000000 000000bcH .rdata                  DATA
 0002:000000bc 00000000H .edata                  DATA
 0002:000000bc 00000068H .rdata$zzzdbg           DATA
 0002:00000124 00000000H .idata$2                DATA
 0002:00000124 00000000H .idata$3                DATA
 0002:00000124 00000000H .idata$4                DATA
 0002:00000124 00000000H .idata$6                DATA
 0003:00000000 00000000H .data                   DATA
 0003:00000000 00000008H .bss                    DATA

  Address         Publics by Value              Rva+Base       Lib:Object

 0000:00000000       ___AbsoluteZero            00000000     <absolute>
 0000:00000000       ___arm64x_extra_rfe_table  00000000     <absolute>
 0000:00000000       ___arm64x_extra_rfe_table_size 00000000     <absolute>
 0000:00000000       ___arm64x_native_entrypoint 00000000     <absolute>
 0000:00000000       ___arm64x_redirection_metadata 00000000     <absolute>
 0000:00000000       ___arm64x_redirection_metadata_count 00000000     <absolute>
 0000:00000000       ___dynamic_value_reloc_table 00000000     <absolute>
 0000:00000000       ___enclave_config          00000000     <absolute>
 0000:00000000       ___guard_check_icall_a64n_fptr 00000000     <absolute>
 0000:00000000       ___guard_eh_cont_count     00000000     <absolute>
 0000:00000000       ___guard_eh_cont_table     00000000     <absolute>
 0000:00000000       ___guard_fids_count        00000000     <absolute>
 0000:00000000       ___guard_fids_table        00000000     <absolute>
 0000:00000000       ___guard_flags             00000000     <absolute>
 0000:00000000       ___guard_iat_count         00000000     <absolute>
 0000:00000000       ___guard_iat_table         00000000     <absolute>
 0000:00000000       ___guard_longjmp_count     00000000     <absolute>
 0000:00000000       ___guard_longjmp_table     00000000     <absolute>
 0000:00000000       ___hybrid_auxiliary_delayload_iat 00000000     <absolute>
 0000:00000000       ___hybrid_auxiliary_delayload_iat_copy 00000000     <absolute>
 0000:00000000       ___hybrid_auxiliary_iat    00000000     <absolute>
 0000:00000000       ___hybrid_auxiliary_iat_copy 00000000     <absolute>
 0000:00000000       ___hybrid_code_map         00000000     <absolute>
 0000:00000000       ___hybrid_code_map_count   00000000     <absolute>
 0000:00000000       ___hybrid_image_info_bitfield 00000000     <absolute>
 0000:00000000       ___volatile_metadata       00000000     <absolute>
 0000:00000000       ___x64_code_ranges_to_entry_points 00000000     <absolute>
 0000:00000000       ___x64_code_ranges_to_entry_points_count 00000000     <absolute>
 0000:00000000       ___ImageBase               00400000     <linker-defined>
 0001:00000000       ?epASM@@YGXXZ              00401000 f   x86.obj
 0001:00000030       ?__Address@@YIPAXPBX@Z     00401030 f   x86.obj
 0001:00000043       __alloca_probe             00401043 f   x86.obj
 0001:00000043       __chkstk                   00401043 f   x86.obj
 0001:00000072       @DnsMapRcodeToStatus@4     00401072 f   x86.obj
 0001:0000008e       @DnsStatusString@4         0040108e f   x86.obj
 0001:000000ce       _FormatMessageW@28         004010ce f   x86.obj
 0001:000000ea       _IsProcessCritical@8       004010ea f   x86.obj
 0001:00000106       _ExitProcess@4             00401106 f   x86.obj
 0001:0000014a       ?GetMartaExtensionInterface@@YGPAU_ACC_MARTA_FUNCTIONS@@XZ 0040114a f   x86.obj
 0001:0000018e       _MessageBoxW@16            0040118e f   x86.obj
 0001:000001ce       _DbgPrint                  004011ce f   x86.obj
 0001:000001ea       _RtlDispatchAPC@12         004011ea f   x86.obj
 0001:00000206       __vsnwprintf               00401206 f   x86.obj
 0001:00000222       _LdrGetProcedureAddress@16 00401222 f   x86.obj
 0001:0000023e       _RtlInitAnsiString@8       0040123e f   x86.obj
 0001:0000025a       _RtlMultiByteToUnicodeN@20 0040125a f   x86.obj
 0001:00000276       _RtlMultiByteToUnicodeSize@12 00401276 f   x86.obj
 0001:00000292       _LdrLoadDll@16             00401292 f   x86.obj
 0001:000002ae       _RtlInitUnicodeString@8    004012ae f   x86.obj
 0001:000002da       _CoCreateInstance@20       004012da f   x86.obj
 0001:000002f6       _CoInitializeEx@8          004012f6 f   x86.obj
 0001:00000312       _CoTaskMemFree@4           00401312 f   x86.obj
 0001:0000032e       _CoUninitialize@0          0040132e f   x86.obj
 0001:00000370       __alloca_probe_16          00401370 f   ntdllp:alloca16.obj
 0001:00000386       __alloca_probe_8           00401386     ntdllp:alloca16.obj
 0001:0000039c       ?MsgBox@@YAHIPB_W0ZZ       0040139c f   ep.obj
 0001:000003ee       ?ApcTest@@YGXK@Z           004013ee f   ep.obj
 0001:00000446       ?ComTest@@YGXXZ            00401446 f   ep.obj
 0001:00000558       ?ep@@YGXXZ                 00401558 f   ep.obj
 0001:000005c2       ?HashString@@YGKPBDK@Z     004015c2 f   ScEntry:GetFuncAddr.obj
 0001:000005da       ?get_hmod@@YIPAXPB_W@Z     004015da f   ScEntry:GetFuncAddr.obj
 0001:00000624       ?GetFuncAddressEx@@YIPAXPAU_IMAGE_DOS_HEADER@@K@Z 00401624 f   ScEntry:GetFuncAddr.obj
 0001:000007c4       __GUID_dc1c5a9c_e88a_4dde_a5a1_60f82a20aef7 004017c4     ep.obj
 0001:000007d4       __GUID_d57c7288_d4ad_4768_be02_9d969532d960 004017d4     ep.obj
 0001:000007f0       ??_C@_0O@HELLMLPH@ApcTest?$CI?$CFp?$CJ?$AN?6@FNODOBFM@ 004017f0     ep.obj
 0001:00000800       ??_C@_1CG@PLDLOJDL@?$AA?$FL?$AA?$CF?$AAh?$AAs?$AA?$FN?$AA?$AN?$AA?6?$AAe?$AAn?$AAt?$AAr?$AAy?$AA?5?$AAa?$AAt@FNODOBFM@ 00401800     ep.obj
 0001:00000830       ??_C@_1M@BOLMKKCK@?$AAH?$AAe?$AAl?$AAl?$AAo@FNODOBFM@ 00401830     ep.obj
 0001:00000840       ??_C@_17NCBHHMJ@?$AAC?$AAo?$AAm@FNODOBFM@ 00401840     ep.obj
 0001:00000850       ??_C@_1BI@NOFJEJPO@?$AAt?$AAa?$AAb?$AAl?$AAe?$AA?5?$AAa?$AAt?$AA?5?$AA?$CF?$AAp@FNODOBFM@ 00401850     ep.obj
 0001:00000870       ??_C@_1O@ONGICPAA@?$AAM?$AAa?$AAr?$AAt?$AAa?$AA?3@FNODOBFM@ 00401870     ep.obj
 0001:0000087e       ?sc_end@@YGPAXXZ           0040187e f   ScEntry:prepare.obj
 0001:00000884       ?ScEntry@@YGXPAU_PEB@@@Z   00401884 f   ScEntry:prepare.obj
 0002:00000000       ??_C@_0BF@EKFKPNAI@RtlInitUnicodeString@ 00402000     ScEntry:prepare.obj
 0002:00000018       ??_C@_1BI@NEOFKCPM@?$AAp?$AAr?$AAe?$AAp?$AAa?$AAr?$AAe?$AA?4?$AAd?$AAl?$AAl@ 00402018     ScEntry:prepare.obj
 0002:00000030       ??_C@_0L@HOFGLFDL@LdrLoadDll@ 00402030     ScEntry:prepare.obj
 0002:00000040       ??_C@_0BH@GKPJJDBO@LdrGetProcedureAddress@ 00402040     ScEntry:prepare.obj
 0002:00000058       ??_C@_0N@FIGJGHFN@LdrUnloadDll@ 00402058     ScEntry:prepare.obj
 0002:00000070       ??_C@_0BD@JDDPIELM@RtlExitUserProcess@ 00402070     ScEntry:prepare.obj
 0003:00000000       ___@@_PchSym_@00@UfhvihUsziibUwlxfnvmghUtrgsfyUhxPwvnlUgnkUdrmDCUivovzhvUsvoolUhgwzucOlyq@4B2008FD98C1DD4 00403000     stdafx.obj
 0003:00000004       ___@@_PchSym_@00@UfhvihUsziibUwlxfnvmghUtrgsfyUhxPwvnlUgnkUdrmDCUivovzhvUhxvmgibUhgwzucOlyq@4B2008FD98C1DD4 00403004     ScEntry:stdafx.obj

 entry point at        0001:00000884

 Static symbols

 0000:ffffb000       .debug$S                   00400000     ntdllp:ntdll.dll
 0000:ffffb000       .debug$S                   00400000     ntdllp:ntdll.dll
 0002:ffffe000       .idata$6                   00400000     ntdllp:ntdll.dll
 0001:00000005       common_imp_call            00401005 f   x86.obj
 0001:000000ab       dnsapi                     004010ab f   x86.obj
 0001:00000123       kernel32                   00401123 f   x86.obj
 0001:00000167       ntmarta                    00401167 f   x86.obj
 0001:000001ab       user32                     004011ab f   x86.obj
 0001:000002cb       ntdllp                     004012cb f   x86.obj
 0001:0000034b       ole32                      0040134b f   x86.obj
 0001:00000370       $$000000                   00401370     ntdllp:alloca16.obj
